13:33:39 **** Incremental Build of configuration Debug for project f1_start_reaction ****
make -j16 all 
arm-none-eabi-gcc "../Core/Src/fsm_f1.c" -mcpu=cortex-m4 -std=gnu11 -g3 -DDEBUG -DUSE_HAL_DRIVER -DSTM32F411xE -c -I../USB_HOST/App -I../USB_HOST/Target -I../Core/Inc -I../Drivers/STM32F4xx_HAL_Driver/Inc -I../Drivers/STM32F4xx_HAL_Driver/Inc/Legacy -I../Middlewares/ST/STM32_USB_Host_Library/Core/Inc -I../Middlewares/ST/STM32_USB_Host_Library/Class/CDC/Inc -I../Drivers/CMSIS/Device/ST/STM32F4xx/Include -I../Drivers/CMSIS/Include -O0 -ffunction-sections -fdata-sections -Wall -fstack-usage -fcyclomatic-complexity -MMD -MP -MF"Core/Src/fsm_f1.d" -MT"Core/Src/fsm_f1.o" --specs=nano.specs -mfpu=fpv4-sp-d16 -mfloat-abi=hard -mthumb -o "Core/Src/fsm_f1.o"
arm-none-eabi-gcc -o "f1_start_reaction.elf" @"objects.list"   -mcpu=cortex-m4 -T"C:\Users\trisa\STM32CubeIDE\workspace_1.19.0\f1_start_reaction\STM32F411VETX_FLASH.ld" --specs=nosys.specs -Wl,-Map="f1_start_reaction.map" -Wl,--gc-sections -static --specs=nano.specs -mfpu=fpv4-sp-d16 -mfloat-abi=hard -mthumb -Wl,--start-group -lc -lm -Wl,--end-group
Finished building target: f1_start_reaction.elf
 
arm-none-eabi-size  f1_start_reaction.elf 
arm-none-eabi-objdump -h -S f1_start_reaction.elf  > "f1_start_reaction.list"
   text	   data	    bss	    dec	    hex	filename
  47680	    124	   4324	  52128	   cba0	f1_start_reaction.elf
Finished building: default.size.stdout
 
Finished building: f1_start_reaction.list
 
13:33:43 **** Incremental Build of configuration Debug for project f1_start_reaction ****
make -j16 all 
arm-none-eabi-size  f1_start_reaction.elf 
   text	   data	    bss	    dec	    hex	filename
  47680	    124	   4324	  52128	   cba0	f1_start_reaction.elf
Finished building: default.size.stdout
 
